[2025-12-04 11:04:26] ✅ Fichier .env chargé: /Users/mylene/Developer/Omega-fix/.env
[2025-12-04 11:04:26] 🚀 Démarrage de la sauvegarde quotidienne
[2025-12-04 11:04:26] 📦 Base de données: omega
[2025-12-04 11:04:26] 🖥️  Serveur: localhost:5432
[2025-12-04 11:04:26] 📁 Fichier de sauvegarde: omega_backup_2025-12-04_11-04-26.sql.gz
[2025-12-04 11:04:26] 💾 Création du dump PostgreSQL...
pg_dump: error: connection to server at "localhost" (::1), port 5432 failed: Connection refused
	Is the server running on that host and accepting TCP/IP connections?
connection to server at "localhost" (127.0.0.1), port 5432 failed: Connection refused
	Is the server running on that host and accepting TCP/IP connections?
[2025-12-04 11:04:27] ✅ Dump créé avec succès: omega_backup_2025-12-04_11-04-26.sql
[2025-12-04 11:04:27] 🗜️  Compression du fichier...
[2025-12-04 11:04:27] ⚠️  Échec de la compression, conservation du fichier non compressé
[2025-12-04 11:04:27] 🧹 Nettoyage des sauvegardes de plus de 30 jours...
[2025-12-04 11:04:27] ✅        0 ancienne(s) sauvegarde(s) supprimée(s)
[2025-12-04 11:04:27] 📊 Total des sauvegardes:        0 fichiers (  0B)
[2025-12-04 11:04:27] 🔍 Vérification de l'intégrité...
gzip: can't stat: /Users/mylene/Developer/Omega-fix/backups/database/omega_backup_2025-12-04_11-04-26.sql.gz (/Users/mylene/Developer/Omega-fix/backups/database/omega_backup_2025-12-04_11-04-26.sql.gz.gz): No such file or directory
[2025-12-04 11:04:27] ✅ Intégrité vérifiée avec succès
[2025-12-04 11:04:27] ✅ Sauvegarde quotidienne terminée avec succès
[2025-12-04 11:04:27] ━━━━━━━━━━━━━━━━━━━━━━━━━━━━━━━━━━━━━━━━━━━━━━━━━━━━━━━━
